[20:13:50] tokenizing 63529 texts for length sort ...
Warning: You are sending unauthenticated requests to the HF Hub. Please set a HF_TOKEN to enable higher rate limits and faster downloads.
[20:13:57] lengths: median=363 p99=2365 max=12351; maxlen=16384 budget=12288
[20:13:58] loading codefuse-ai/F2LLM-v2-14B on cuda:0 (bfloat16) ...
[20:14:04] === config: dir=out_f2llm_plain_full instruction=<plain> ===
[20:14:19]   [out_f2llm_plain_full] super-chunk 1/32  2000/63529  134.5 texts/s  ETA 7.6 min (maxlen in chunk=30)
[20:14:38]   [out_f2llm_plain_full] super-chunk 2/32  4000/63529  116.9 texts/s  ETA 8.5 min (maxlen in chunk=35)
[20:15:01]   [out_f2llm_plain_full] super-chunk 3/32  6000/63529  105.9 texts/s  ETA 9.1 min (maxlen in chunk=40)
[20:15:27]   [out_f2llm_plain_full] super-chunk 4/32  8000/63529  96.1 texts/s  ETA 9.6 min (maxlen in chunk=47)
[20:16:00]   [out_f2llm_plain_full] super-chunk 5/32  10000/63529  86.7 texts/s  ETA 10.3 min (maxlen in chunk=58)
[20:16:40]   [out_f2llm_plain_full] super-chunk 6/32  12000/63529  77.2 texts/s  ETA 11.1 min (maxlen in chunk=71)
[20:17:28]   [out_f2llm_plain_full] super-chunk 7/32  14000/63529  68.7 texts/s  ETA 12.0 min (maxlen in chunk=83)
[20:18:25]   [out_f2llm_plain_full] super-chunk 8/32  16000/63529  61.3 texts/s  ETA 12.9 min (maxlen in chunk=101)
[20:19:34]   [out_f2llm_plain_full] super-chunk 9/32  18000/63529  54.5 texts/s  ETA 13.9 min (maxlen in chunk=122)
[20:20:58]   [out_f2llm_plain_full] super-chunk 10/32  20000/63529  48.3 texts/s  ETA 15.0 min (maxlen in chunk=145)
[20:22:35]   [out_f2llm_plain_full] super-chunk 11/32  22000/63529  43.1 texts/s  ETA 16.1 min (maxlen in chunk=165)
[20:24:25]   [out_f2llm_plain_full] super-chunk 12/32  24000/63529  38.7 texts/s  ETA 17.0 min (maxlen in chunk=191)
[20:26:36]   [out_f2llm_plain_full] super-chunk 13/32  26000/63529  34.6 texts/s  ETA 18.1 min (maxlen in chunk=226)
[20:29:07]   [out_f2llm_plain_full] super-chunk 14/32  28000/63529  31.0 texts/s  ETA 19.1 min (maxlen in chunk=263)
[20:32:06]   [out_f2llm_plain_full] super-chunk 15/32  30000/63529  27.7 texts/s  ETA 20.1 min (maxlen in chunk=304)
[20:35:37]   [out_f2llm_plain_full] super-chunk 16/32  32000/63529  24.7 texts/s  ETA 21.2 min (maxlen in chunk=372)
[20:39:46]   [out_f2llm_plain_full] super-chunk 17/32  34000/63529  22.1 texts/s  ETA 22.3 min (maxlen in chunk=416)
[20:44:10]   [out_f2llm_plain_full] super-chunk 18/32  36000/63529  19.9 texts/s  ETA 23.0 min (maxlen in chunk=441)
[20:48:52]   [out_f2llm_plain_full] super-chunk 19/32  38000/63529  18.2 texts/s  ETA 23.4 min (maxlen in chunk=469)
[20:53:51]   [out_f2llm_plain_full] super-chunk 20/32  40000/63529  16.8 texts/s  ETA 23.4 min (maxlen in chunk=497)
[20:59:04]   [out_f2llm_plain_full] super-chunk 21/32  42000/63529  15.6 texts/s  ETA 23.1 min (maxlen in chunk=520)
[21:04:41]   [out_f2llm_plain_full] super-chunk 22/32  44000/63529  14.5 texts/s  ETA 22.5 min (maxlen in chunk=569)
[21:11:03]   [out_f2llm_plain_full] super-chunk 23/32  46000/63529  13.5 texts/s  ETA 21.7 min (maxlen in chunk=641)
[21:17:58]   [out_f2llm_plain_full] super-chunk 24/32  48000/63529  12.5 texts/s  ETA 20.7 min (maxlen in chunk=688)
[21:25:21]   [out_f2llm_plain_full] super-chunk 25/32  50000/63529  11.7 texts/s  ETA 19.3 min (maxlen in chunk=734)
[21:33:20]   [out_f2llm_plain_full] super-chunk 26/32  52000/63529  10.9 texts/s  ETA 17.6 min (maxlen in chunk=797)
[21:41:55]   [out_f2llm_plain_full] super-chunk 27/32  54000/63529  10.2 texts/s  ETA 15.5 min (maxlen in chunk=855)
[21:49:19]   [out_f2llm_plain_full] super-chunk 28/32  56000/63529  9.8 texts/s  ETA 12.8 min (maxlen in chunk=905)
[21:54:00]   [out_f2llm_plain_full] super-chunk 29/32  58000/63529  9.7 texts/s  ETA 9.5 min (maxlen in chunk=1002)
[21:59:43]   [out_f2llm_plain_full] super-chunk 30/32  60000/63529  9.5 texts/s  ETA 6.2 min (maxlen in chunk=1314)
[22:08:24]   [out_f2llm_plain_full] super-chunk 31/32  62000/63529  9.0 texts/s  ETA 2.8 min (maxlen in chunk=2078)
[22:19:38]   [out_f2llm_plain_full] super-chunk 32/32  63529/63529  8.4 texts/s  ETA 0.0 min (maxlen in chunk=12351)
[22:19:39]   saved out_f2llm_plain_full/emb_full.npy (63529, 5120) in 125.6 min
[22:19:39] === config: dir=out_f2llm_steer_full instruction=Represent the rhetorical strategy of this text, no... ===
[22:19:52]   [out_f2llm_steer_full] super-chunk 1/32  2000/63529  153.6 texts/s  ETA 6.7 min (maxlen in chunk=30)
[22:20:07]   [out_f2llm_steer_full] super-chunk 2/32  4000/63529  141.6 texts/s  ETA 7.0 min (maxlen in chunk=35)
[22:20:23]   [out_f2llm_steer_full] super-chunk 3/32  6000/63529  134.6 texts/s  ETA 7.1 min (maxlen in chunk=40)
[22:20:41]   [out_f2llm_steer_full] super-chunk 4/32  8000/63529  127.6 texts/s  ETA 7.3 min (maxlen in chunk=47)
[22:21:02]   [out_f2llm_steer_full] super-chunk 5/32  10000/63529  119.7 texts/s  ETA 7.5 min (maxlen in chunk=58)
[22:21:27]   [out_f2llm_steer_full] super-chunk 6/32  12000/63529  111.2 texts/s  ETA 7.7 min (maxlen in chunk=71)
[22:21:55]   [out_f2llm_steer_full] super-chunk 7/32  14000/63529  102.9 texts/s  ETA 8.0 min (maxlen in chunk=83)
[22:22:27]   [out_f2llm_steer_full] super-chunk 8/32  16000/63529  95.1 texts/s  ETA 8.3 min (maxlen in chunk=101)
[22:23:05]   [out_f2llm_steer_full] super-chunk 9/32  18000/63529  87.3 texts/s  ETA 8.7 min (maxlen in chunk=122)
[22:23:49]   [out_f2llm_steer_full] super-chunk 10/32  20000/63529  79.7 texts/s  ETA 9.1 min (maxlen in chunk=145)
[22:24:40]   [out_f2llm_steer_full] super-chunk 11/32  22000/63529  73.1 texts/s  ETA 9.5 min (maxlen in chunk=165)
[22:25:37]   [out_f2llm_steer_full] super-chunk 12/32  24000/63529  67.0 texts/s  ETA 9.8 min (maxlen in chunk=191)
[22:26:43]   [out_f2llm_steer_full] super-chunk 13/32  26000/63529  61.3 texts/s  ETA 10.2 min (maxlen in chunk=226)
[22:27:59]   [out_f2llm_steer_full] super-chunk 14/32  28000/63529  56.0 texts/s  ETA 10.6 min (maxlen in chunk=263)
[22:29:26]   [out_f2llm_steer_full] super-chunk 15/32  30000/63529  51.0 texts/s  ETA 10.9 min (maxlen in chunk=304)
[22:31:10]   [out_f2llm_steer_full] super-chunk 16/32  32000/63529  46.3 texts/s  ETA 11.4 min (maxlen in chunk=372)
[22:33:12]   [out_f2llm_steer_full] super-chunk 17/32  34000/63529  41.8 texts/s  ETA 11.8 min (maxlen in chunk=416)
[22:35:21]   [out_f2llm_steer_full] super-chunk 18/32  36000/63529  38.2 texts/s  ETA 12.0 min (maxlen in chunk=441)
[22:37:39]   [out_f2llm_steer_full] super-chunk 19/32  38000/63529  35.2 texts/s  ETA 12.1 min (maxlen in chunk=469)
[22:40:05]   [out_f2llm_steer_full] super-chunk 20/32  40000/63529  32.6 texts/s  ETA 12.0 min (maxlen in chunk=497)
[22:42:37]   [out_f2llm_steer_full] super-chunk 21/32  42000/63529  30.5 texts/s  ETA 11.8 min (maxlen in chunk=520)
[22:45:20]   [out_f2llm_steer_full] super-chunk 22/32  44000/63529  28.5 texts/s  ETA 11.4 min (maxlen in chunk=569)
[22:48:25]   [out_f2llm_steer_full] super-chunk 23/32  46000/63529  26.6 texts/s  ETA 11.0 min (maxlen in chunk=641)
[22:51:44]   [out_f2llm_steer_full] super-chunk 24/32  48000/63529  24.9 texts/s  ETA 10.4 min (maxlen in chunk=688)
[22:55:17]   [out_f2llm_steer_full] super-chunk 25/32  50000/63529  23.4 texts/s  ETA 9.6 min (maxlen in chunk=734)
[22:59:08]   [out_f2llm_steer_full] super-chunk 26/32  52000/63529  21.9 texts/s  ETA 8.8 min (maxlen in chunk=797)
[23:03:15]   [out_f2llm_steer_full] super-chunk 27/32  54000/63529  20.6 texts/s  ETA 7.7 min (maxlen in chunk=855)
[23:07:36]   [out_f2llm_steer_full] super-chunk 28/32  56000/63529  19.5 texts/s  ETA 6.4 min (maxlen in chunk=905)
[23:12:23]   [out_f2llm_steer_full] super-chunk 29/32  58000/63529  18.3 texts/s  ETA 5.0 min (maxlen in chunk=1002)
[23:18:12]   [out_f2llm_steer_full] super-chunk 30/32  60000/63529  17.1 texts/s  ETA 3.4 min (maxlen in chunk=1314)
[23:26:58]   [out_f2llm_steer_full] super-chunk 31/32  62000/63529  15.4 texts/s  ETA 1.7 min (maxlen in chunk=2078)
[23:38:17]   [out_f2llm_steer_full] super-chunk 32/32  63529/63529  13.5 texts/s  ETA 0.0 min (maxlen in chunk=12351)
[23:38:18]   saved out_f2llm_steer_full/emb_full.npy (63529, 5120) in 78.7 min
[23:38:18] ALL CONFIGS DONE
